**********************
Windows PowerShell transcript start
Start time: 20260927194102
Username: LAPTOP-6S57KC0H\Angad
RunAs User: LAPTOP-6S57KC0H\Angad
Configuration Name: 
Machine: LAPTOP-6S57KC0H (Microsoft Windows NT 10.0.26200.0)
Host Application: C:\WINDOWS\System32\WindowsPowerShell\v1.0\powershell.exe -ExecutionPolicy Bypass -File C:\Users\Angad\OneDrive\Desktop\Personal-Work\Mtech\jvm-fraud-benchmark\scripts\run_all.ps1
Process ID: 7464
PSVersion: 5.1.26100.9444
PSEdition: Desktop
PSCompatibleVersions: 1.0, 2.0, 3.0, 4.0, 5.0, 5.1.26100.9444
BuildVersion: 10.0.26100.9444
CLRVersion: 4.0.30319.42000
WSManStackVersion: 3.0
PSRemotingProtocolVersion: 2.3
SerializationVersion: 1.1.0.1
**********************

=== machine warm-up (discarded) ===


=== Python in-process arms ===


=== JVM in-process arms ===



=== starting server: --server flask-dev --backend sklearn --n-jobs -1 ===
PS>TerminatingError(Invoke-WebRequest): "The operation has timed out."
server is up



=== starting server: --server waitress --backend sklearn --n-jobs 1 ===
PS>TerminatingError(Invoke-WebRequest): "The operation has timed out."
PS>TerminatingError(Invoke-WebRequest): "The operation has timed out."
server is up





=== starting server: --server waitress --backend onnx ===
PS>TerminatingError(Invoke-WebRequest): "The operation has timed out."
server is up




raw results archived to C:\Users\Angad\OneDrive\Desktop\Personal-Work\Mtech\jvm-fraud-benchmark\results\runs\20260927_194102
**********************
Windows PowerShell transcript end
End time: 20260927195809
**********************
